   1               		.file	"slave1.c"
   2               	__SREG__ = 0x3f
   3               	__SP_H__ = 0x3e
   4               	__SP_L__ = 0x3d
   5               	__CCP__ = 0x34
   6               	__tmp_reg__ = 0
   7               	__zero_reg__ = 1
  15               	.Ltext0:
  16               	.global	main
  18               	main:
  19               	.LFB0:
  20               	.LM1:
  21               	/* prologue: function */
  22               	/* frame size = 0 */
  23               	/* stack size = 0 */
  24               	.L__stack_usage = 0
  25               	.LM2:
  26 0000 0E94 0000 		call USARTSetup
  27               	.LM3:
  28 0004 0E94 0000 		call TIMERSetup
  29               	.LM4:
  30 0008 0E94 0000 		call led_setup
  31               	.LVL0:
  32               	.L4:
  33               	.LM5:
  34 000c 0E94 0000 		call read_button
  35               	.LM6:
  36 0010 8091 0000 		lds r24,BUTTON_1
  37 0014 9091 0000 		lds r25,BUTTON_1+1
  38 0018 8130      		cpi r24,1
  39 001a 9105      		cpc r25,__zero_reg__
  40 001c 01F0      		breq .L5
  41               	.LM7:
  42 001e 80E0      		ldi r24,lo8(0)
  43 0020 90E0      		ldi r25,hi8(0)
  44 0022 DC01      		movw r26,r24
  45 0024 00C0      		rjmp .L2
  46               	.L5:
  47               	.LM8:
  48 0026 80E0      		ldi r24,lo8(65280)
  49 0028 9FEF      		ldi r25,hi8(65280)
  50 002a A0E0      		ldi r26,hlo8(65280)
  51 002c B0E0      		ldi r27,hhi8(65280)
  52               	.L2:
  53               	.LVL1:
  54               	.LM9:
  55 002e 2091 0000 		lds r18,BUTTON_2
  56 0032 3091 0000 		lds r19,BUTTON_2+1
  57 0036 2130      		cpi r18,1
  58 0038 3105      		cpc r19,__zero_reg__
  59 003a 01F4      		brne .L3
  60               	.LM10:
  61 003c 8F6F      		ori r24,lo8(255)
  62               	.LVL2:
  63               	.L3:
  64               	.LM11:
  65 003e 0E94 0000 		call led_illuminate
  66               	.LM12:
  67 0042 00C0      		rjmp .L4
  68               	.LFE0:
  70               	.global	node_id
  71               		.data
  74               	node_id:
  75 0000 10        		.byte	16
 100               	.Letext0:
DEFINED SYMBOLS
                            *ABS*:00000000 slave1.c
     /tmp/ccDg9i5O.s:2      *ABS*:0000003f __SREG__
     /tmp/ccDg9i5O.s:3      *ABS*:0000003e __SP_H__
     /tmp/ccDg9i5O.s:4      *ABS*:0000003d __SP_L__
     /tmp/ccDg9i5O.s:5      *ABS*:00000034 __CCP__
     /tmp/ccDg9i5O.s:6      *ABS*:00000000 __tmp_reg__
     /tmp/ccDg9i5O.s:7      *ABS*:00000001 __zero_reg__
     /tmp/ccDg9i5O.s:18     .text:00000000 main
     /tmp/ccDg9i5O.s:74     .data:00000000 node_id

UNDEFINED SYMBOLS
USARTSetup
TIMERSetup
led_setup
read_button
BUTTON_1
BUTTON_2
led_illuminate
__do_copy_data
