Archive member included because of file (symbol)

/usr/lib/gcc/avr/4.5.3/avr5/libgcc.a(_exit.o)
                              /usr/lib/gcc/avr/4.5.3/../../../avr/lib/avr5/crtm328.o (exit)
/usr/lib/gcc/avr/4.5.3/avr5/libgcc.a(_copy_data.o)
                              sp_timers.o (__do_copy_data)
/usr/lib/gcc/avr/4.5.3/avr5/libgcc.a(_clear_bss.o)
                              sp_timers_display.o (__do_clear_bss)

Allocating common symbols
Common symbol       size              file

SvPatternSecs       0x2               sp_timers_display.o
SvTempDirection     0x1               sp_timers_display.o
SvPattern           0x1               sp_timers_display.o
SvTempSecs          0x2               sp_timers_display.o
SvTempCount         0x1               sp_timers_display.o
SvTempCount2        0x1               sp_timers_display.o
SvPatternCount      0x1               sp_timers_display.o
SvTempHuns          0x1               sp_timers_display.o

Memory Configuration

Name             Origin             Length             Attributes
text             0x00000000         0x00020000         xr
data             0x00800060         0x0000ffa0         rw !x
eeprom           0x00810000         0x00010000         rw !x
fuse             0x00820000         0x00000400         rw !x
lock             0x00830000         0x00000400         rw !x
signature        0x00840000         0x00000400         rw !x
*default*        0x00000000         0xffffffff

Linker script and memory map

Address of section .data set to 0x800100
LOAD /usr/lib/gcc/avr/4.5.3/../../../avr/lib/avr5/crtm328.o
LOAD sp_timers_display.o
LOAD sp_timers.o
LOAD sp_bar_display.o
LOAD /usr/lib/gcc/avr/4.5.3/../../../avr/lib/avr5/libm.a
LOAD /usr/lib/gcc/avr/4.5.3/avr5/libgcc.a
LOAD /usr/lib/gcc/avr/4.5.3/../../../avr/lib/avr5/libc.a
LOAD /usr/lib/gcc/avr/4.5.3/avr5/libgcc.a

.hash
 *(.hash)

.dynsym
 *(.dynsym)

.dynstr
 *(.dynstr)

.gnu.version
 *(.gnu.version)

.gnu.version_d
 *(.gnu.version_d)

.gnu.version_r
 *(.gnu.version_r)

.rel.init
 *(.rel.init)

.rela.init
 *(.rela.init)

.rel.text
 *(.rel.text)
 *(.rel.text.*)
 *(.rel.gnu.linkonce.t*)

.rela.text
 *(.rela.text)
 *(.rela.text.*)
 *(.rela.gnu.linkonce.t*)

.rel.fini
 *(.rel.fini)

.rela.fini
 *(.rela.fini)

.rel.rodata
 *(.rel.rodata)
 *(.rel.rodata.*)
 *(.rel.gnu.linkonce.r*)

.rela.rodata
 *(.rela.rodata)
 *(.rela.rodata.*)
 *(.rela.gnu.linkonce.r*)

.rel.data
 *(.rel.data)
 *(.rel.data.*)
 *(.rel.gnu.linkonce.d*)

.rela.data
 *(.rela.data)
 *(.rela.data.*)
 *(.rela.gnu.linkonce.d*)

.rel.ctors
 *(.rel.ctors)

.rela.ctors
 *(.rela.ctors)

.rel.dtors
 *(.rel.dtors)

.rela.dtors
 *(.rela.dtors)

.rel.got
 *(.rel.got)

.rela.got
 *(.rela.got)

.rel.bss
 *(.rel.bss)

.rela.bss
 *(.rela.bss)

.rel.plt
 *(.rel.plt)

.rela.plt
 *(.rela.plt)

.text           0x00000000      0x60c
 *(.vectors)
 .vectors       0x00000000       0x68 /usr/lib/gcc/avr/4.5.3/../../../avr/lib/avr5/crtm328.o
                0x00000000                __vectors
                0x00000000                __vector_default
 *(.vectors)
 *(.progmem.gcc*)
 *(.progmem*)
                0x00000068                . = ALIGN (0x2)
                0x00000068                __trampolines_start = .
 *(.trampolines)
 .trampolines   0x00000068        0x0 linker stubs
 *(.trampolines*)
                0x00000068                __trampolines_end = .
 *(.jumptables)
 *(.jumptables*)
 *(.lowtext)
 *(.lowtext*)
                0x00000068                __ctors_start = .
 *(.ctors)
                0x00000068                __ctors_end = .
                0x00000068                __dtors_start = .
 *(.dtors)
                0x00000068                __dtors_end = .
 SORT(*)(.ctors)
 SORT(*)(.dtors)
 *(.init0)
 .init0         0x00000068        0x0 /usr/lib/gcc/avr/4.5.3/../../../avr/lib/avr5/crtm328.o
                0x00000068                __init
 *(.init0)
 *(.init1)
 *(.init1)
 *(.init2)
 .init2         0x00000068        0xc /usr/lib/gcc/avr/4.5.3/../../../avr/lib/avr5/crtm328.o
 *(.init2)
 *(.init3)
 *(.init3)
 *(.init4)
 .init4         0x00000074       0x16 /usr/lib/gcc/avr/4.5.3/avr5/libgcc.a(_copy_data.o)
                0x00000074                __do_copy_data
 .init4         0x0000008a       0x10 /usr/lib/gcc/avr/4.5.3/avr5/libgcc.a(_clear_bss.o)
                0x0000008a                __do_clear_bss
 *(.init4)
 *(.init5)
 *(.init5)
 *(.init6)
 *(.init6)
 *(.init7)
 *(.init7)
 *(.init8)
 *(.init8)
 *(.init9)
 .init9         0x0000009a        0x8 /usr/lib/gcc/avr/4.5.3/../../../avr/lib/avr5/crtm328.o
 *(.init9)
 *(.text)
 .text          0x000000a2        0x4 /usr/lib/gcc/avr/4.5.3/../../../avr/lib/avr5/crtm328.o
                0x000000a2                __vector_22
                0x000000a2                __vector_1
                0x000000a2                __vector_24
                0x000000a2                __vector_12
                0x000000a2                __bad_interrupt
                0x000000a2                __vector_6
                0x000000a2                __vector_3
                0x000000a2                __vector_23
                0x000000a2                __vector_25
                0x000000a2                __vector_11
                0x000000a2                __vector_13
                0x000000a2                __vector_17
                0x000000a2                __vector_19
                0x000000a2                __vector_5
                0x000000a2                __vector_4
                0x000000a2                __vector_9
                0x000000a2                __vector_2
                0x000000a2                __vector_21
                0x000000a2                __vector_15
                0x000000a2                __vector_8
                0x000000a2                __vector_10
                0x000000a2                __vector_16
                0x000000a2                __vector_18
                0x000000a2                __vector_20
 .text          0x000000a6      0x190 sp_timers_display.o
                0x000000a6                main
 .text          0x00000236      0x2e6 sp_timers.o
                0x00000236                Start_Timer0_RTC
                0x0000025c                Start_Timer2_RTC
                0x0000028c                Start_Timer0_CTC
                0x000002de                Start_Timer1_CTC
                0x00000342                Start_Timer2_CTC
                0x000003a4                Timer0_Reset_to_Startup
                0x000003b6                Timer1_Reset_to_Startup
                0x000003d8                Timer2_Reset_to_Startup
                0x000003f2                __vector_14
                0x00000482                __vector_7
 .text          0x0000051c       0xec sp_bar_display.o
                0x0000051c                Sf_Port_IO_init
                0x0000052c                Sf_Bar_Display
 .text          0x00000608        0x0 /usr/lib/gcc/avr/4.5.3/avr5/libgcc.a(_exit.o)
 .text          0x00000608        0x0 /usr/lib/gcc/avr/4.5.3/avr5/libgcc.a(_copy_data.o)
 .text          0x00000608        0x0 /usr/lib/gcc/avr/4.5.3/avr5/libgcc.a(_clear_bss.o)
                0x00000608                . = ALIGN (0x2)
 *(.text.*)
 .text.libgcc   0x00000608        0x0 /usr/lib/gcc/avr/4.5.3/avr5/libgcc.a(_exit.o)
 .text.libgcc   0x00000608        0x0 /usr/lib/gcc/avr/4.5.3/avr5/libgcc.a(_copy_data.o)
 .text.libgcc   0x00000608        0x0 /usr/lib/gcc/avr/4.5.3/avr5/libgcc.a(_clear_bss.o)
                0x00000608                . = ALIGN (0x2)
 *(.fini9)
 .fini9         0x00000608        0x0 /usr/lib/gcc/avr/4.5.3/avr5/libgcc.a(_exit.o)
                0x00000608                exit
                0x00000608                _exit
 *(.fini9)
 *(.fini8)
 *(.fini8)
 *(.fini7)
 *(.fini7)
 *(.fini6)
 *(.fini6)
 *(.fini5)
 *(.fini5)
 *(.fini4)
 *(.fini4)
 *(.fini3)
 *(.fini3)
 *(.fini2)
 *(.fini2)
 *(.fini1)
 *(.fini1)
 *(.fini0)
 .fini0         0x00000608        0x4 /usr/lib/gcc/avr/4.5.3/avr5/libgcc.a(_exit.o)
 *(.fini0)
                0x0000060c                _etext = .

.data           0x00800100        0x2 load address 0x0000060c
                0x00800100                PROVIDE (__data_start, .)
 *(.data)
 .data          0x00800100        0x0 /usr/lib/gcc/avr/4.5.3/../../../avr/lib/avr5/crtm328.o
 .data          0x00800100        0x0 sp_timers_display.o
 .data          0x00800100        0x2 sp_timers.o
                0x00800100                SvHalfDays
 .data          0x00800102        0x0 sp_bar_display.o
 .data          0x00800102        0x0 /usr/lib/gcc/avr/4.5.3/avr5/libgcc.a(_exit.o)
 .data          0x00800102        0x0 /usr/lib/gcc/avr/4.5.3/avr5/libgcc.a(_copy_data.o)
 .data          0x00800102        0x0 /usr/lib/gcc/avr/4.5.3/avr5/libgcc.a(_clear_bss.o)
 *(.data*)
 *(.rodata)
 *(.rodata*)
 *(.gnu.linkonce.d*)
                0x00800102                . = ALIGN (0x2)
                0x00800102                _edata = .
                0x00800102                PROVIDE (__data_end, .)

.bss            0x00800102       0x1f
                0x00800102                PROVIDE (__bss_start, .)
 *(.bss)
 .bss           0x00800102        0x0 /usr/lib/gcc/avr/4.5.3/../../../avr/lib/avr5/crtm328.o
 .bss           0x00800102        0x0 sp_timers_display.o
 .bss           0x00800102       0x10 sp_timers.o
                0x00800102                SvTimer0_CompA
                0x00800103                SvTimer0_CompB
                0x00800104                SvTimer0_SetupStatus
                0x00800105                SvTimer1_CompA
                0x00800107                SvTimer1_CompB
                0x00800109                SvTimer1_SetupStatus
                0x0080010a                SvTimer2_CompA
                0x0080010b                SvTimer2_CompB
                0x0080010c                SvTimer2_SetupStatus
                0x0080010d                SvTenThousandths
                0x0080010e                SvHundredths
                0x0080010f                SvSeconds
                0x00800111                SvDisplayTime
 .bss           0x00800112        0x5 sp_bar_display.o
                0x00800112                LED_PortB
                0x00800113                LED_PortD
                0x00800114                SvBDRow
                0x00800115                SvBDValue
 .bss           0x00800117        0x0 /usr/lib/gcc/avr/4.5.3/avr5/libgcc.a(_exit.o)
 .bss           0x00800117        0x0 /usr/lib/gcc/avr/4.5.3/avr5/libgcc.a(_copy_data.o)
 .bss           0x00800117        0x0 /usr/lib/gcc/avr/4.5.3/avr5/libgcc.a(_clear_bss.o)
 *(.bss*)
 *(COMMON)
 COMMON         0x00800117        0xa sp_timers_display.o
                0x00800117                SvPatternSecs
                0x00800119                SvTempDirection
                0x0080011a                SvPattern
                0x0080011b                SvTempSecs
                0x0080011d                SvTempCount
                0x0080011e                SvTempCount2
                0x0080011f                SvPatternCount
                0x00800120                SvTempHuns
                0x00800121                PROVIDE (__bss_end, .)
                0x0000060c                __data_load_start = LOADADDR (.data)
                0x0000060e                __data_load_end = (__data_load_start + SIZEOF (.data))

.noinit         0x00800121        0x0
                0x00800121                PROVIDE (__noinit_start, .)
 *(.noinit*)
                0x00800121                PROVIDE (__noinit_end, .)
                0x00800121                _end = .
                0x00800121                PROVIDE (__heap_start, .)

.eeprom         0x00810000        0x0
 *(.eeprom*)
                0x00810000                __eeprom_end = .

.fuse
 *(.fuse)
 *(.lfuse)
 *(.hfuse)
 *(.efuse)

.lock
 *(.lock*)

.signature
 *(.signature*)

.stab           0x00000000      0x6cc
 *(.stab)
 .stab          0x00000000      0x6cc /usr/lib/gcc/avr/4.5.3/../../../avr/lib/avr5/crtm328.o

.stabstr        0x00000000       0x54
 *(.stabstr)
 .stabstr       0x00000000       0x54 /usr/lib/gcc/avr/4.5.3/../../../avr/lib/avr5/crtm328.o

.stab.excl
 *(.stab.excl)

.stab.exclstr
 *(.stab.exclstr)

.stab.index
 *(.stab.index)

.stab.indexstr
 *(.stab.indexstr)

.comment
 *(.comment)

.debug
 *(.debug)

.line
 *(.line)

.debug_srcinfo
 *(.debug_srcinfo)

.debug_sfnames
 *(.debug_sfnames)

.debug_aranges  0x00000000       0x60
 *(.debug_aranges)
 .debug_aranges
                0x00000000       0x20 sp_timers_display.o
 .debug_aranges
                0x00000020       0x20 sp_timers.o
 .debug_aranges
                0x00000040       0x20 sp_bar_display.o

.debug_pubnames
                0x00000000      0x32a
 *(.debug_pubnames)
 .debug_pubnames
                0x00000000       0xbb sp_timers_display.o
 .debug_pubnames
                0x000000bb      0x200 sp_timers.o
 .debug_pubnames
                0x000002bb       0x6f sp_bar_display.o

.debug_info     0x00000000      0x678
 *(.debug_info)
 .debug_info    0x00000000      0x21b sp_timers_display.o
 .debug_info    0x0000021b      0x33b sp_timers.o
 .debug_info    0x00000556      0x122 sp_bar_display.o
 *(.gnu.linkonce.wi.*)

.debug_abbrev   0x00000000      0x1b3
 *(.debug_abbrev)
 .debug_abbrev  0x00000000       0x77 sp_timers_display.o
 .debug_abbrev  0x00000077       0xaa sp_timers.o
 .debug_abbrev  0x00000121       0x92 sp_bar_display.o

.debug_line     0x00000000      0x77e
 *(.debug_line)
 .debug_line    0x00000000      0x240 sp_timers_display.o
 .debug_line    0x00000240      0x3e4 sp_timers.o
 .debug_line    0x00000624      0x15a sp_bar_display.o

.debug_frame    0x00000000      0x100
 *(.debug_frame)
 .debug_frame   0x00000000       0x20 sp_timers_display.o
 .debug_frame   0x00000020       0xb0 sp_timers.o
 .debug_frame   0x000000d0       0x30 sp_bar_display.o

.debug_str      0x00000000      0x2e4
 *(.debug_str)
 .debug_str     0x00000000      0x12b sp_timers_display.o
                                0x15f (size before relaxing)
 .debug_str     0x0000012b      0x175 sp_timers.o
                                0x243 (size before relaxing)
 .debug_str     0x000002a0       0x44 sp_bar_display.o
                                 0xff (size before relaxing)

.debug_loc      0x00000000       0x90
 *(.debug_loc)
 .debug_loc     0x00000000       0x65 sp_timers.o
 .debug_loc     0x00000065       0x2b sp_bar_display.o

.debug_macinfo
 *(.debug_macinfo)
OUTPUT(sp_timers_display.elf elf32-avr)
LOAD linker stubs

.debug_pubtypes
                0x00000000       0x81
 .debug_pubtypes
                0x00000000       0x2b sp_timers_display.o
 .debug_pubtypes
                0x0000002b       0x2b sp_timers.o
 .debug_pubtypes
                0x00000056       0x2b sp_bar_display.o

Cross Reference Table

Symbol                                            File
LED_PortB                                         sp_bar_display.o
LED_PortD                                         sp_bar_display.o
Sf_Bar_Display                                    sp_bar_display.o
                                                  sp_timers_display.o
Sf_Port_IO_init                                   sp_bar_display.o
                                                  sp_timers_display.o
Start_Timer0_CTC                                  sp_timers.o
Start_Timer0_RTC                                  sp_timers.o
Start_Timer1_CTC                                  sp_timers.o
Start_Timer2_CTC                                  sp_timers.o
Start_Timer2_RTC                                  sp_timers.o
                                                  sp_timers_display.o
SvBDRow                                           sp_bar_display.o
                                                  sp_timers_display.o
SvBDValue                                         sp_bar_display.o
                                                  sp_timers_display.o
SvDisplayTime                                     sp_timers.o
                                                  sp_timers_display.o
SvHalfDays                                        sp_timers.o
SvHundredths                                      sp_timers.o
                                                  sp_timers_display.o
SvPattern                                         sp_timers_display.o
SvPatternCount                                    sp_timers_display.o
SvPatternSecs                                     sp_timers_display.o
SvSeconds                                         sp_timers.o
                                                  sp_timers_display.o
SvTempCount                                       sp_timers_display.o
SvTempCount2                                      sp_timers_display.o
SvTempDirection                                   sp_timers_display.o
SvTempHuns                                        sp_timers_display.o
SvTempSecs                                        sp_timers_display.o
SvTenThousandths                                  sp_timers.o
SvTimer0_CompA                                    sp_timers.o
SvTimer0_CompB                                    sp_timers.o
SvTimer0_SetupStatus                              sp_timers.o
SvTimer1_CompA                                    sp_timers.o
SvTimer1_CompB                                    sp_timers.o
SvTimer1_SetupStatus                              sp_timers.o
SvTimer2_CompA                                    sp_timers.o
SvTimer2_CompB                                    sp_timers.o
SvTimer2_SetupStatus                              sp_timers.o
Timer0_Reset_to_Startup                           sp_timers.o
Timer1_Reset_to_Startup                           sp_timers.o
Timer2_Reset_to_Startup                           sp_timers.o
__bad_interrupt                                   /usr/lib/gcc/avr/4.5.3/../../../avr/lib/avr5/crtm328.o
__bss_end                                         /usr/lib/gcc/avr/4.5.3/avr5/libgcc.a(_clear_bss.o)
__bss_start                                       /usr/lib/gcc/avr/4.5.3/avr5/libgcc.a(_clear_bss.o)
__data_end                                        /usr/lib/gcc/avr/4.5.3/avr5/libgcc.a(_copy_data.o)
__data_load_start                                 /usr/lib/gcc/avr/4.5.3/avr5/libgcc.a(_copy_data.o)
__data_start                                      /usr/lib/gcc/avr/4.5.3/avr5/libgcc.a(_copy_data.o)
__do_clear_bss                                    /usr/lib/gcc/avr/4.5.3/avr5/libgcc.a(_clear_bss.o)
                                                  sp_bar_display.o
                                                  sp_timers.o
                                                  sp_timers_display.o
__do_copy_data                                    /usr/lib/gcc/avr/4.5.3/avr5/libgcc.a(_copy_data.o)
                                                  sp_timers.o
__heap_end                                        /usr/lib/gcc/avr/4.5.3/../../../avr/lib/avr5/crtm328.o
__init                                            /usr/lib/gcc/avr/4.5.3/../../../avr/lib/avr5/crtm328.o
__stack                                           /usr/lib/gcc/avr/4.5.3/../../../avr/lib/avr5/crtm328.o
__vector_1                                        /usr/lib/gcc/avr/4.5.3/../../../avr/lib/avr5/crtm328.o
__vector_10                                       /usr/lib/gcc/avr/4.5.3/../../../avr/lib/avr5/crtm328.o
__vector_11                                       /usr/lib/gcc/avr/4.5.3/../../../avr/lib/avr5/crtm328.o
__vector_12                                       /usr/lib/gcc/avr/4.5.3/../../../avr/lib/avr5/crtm328.o
__vector_13                                       /usr/lib/gcc/avr/4.5.3/../../../avr/lib/avr5/crtm328.o
__vector_14                                       sp_timers.o
                                                  /usr/lib/gcc/avr/4.5.3/../../../avr/lib/avr5/crtm328.o
__vector_15                                       /usr/lib/gcc/avr/4.5.3/../../../avr/lib/avr5/crtm328.o
__vector_16                                       /usr/lib/gcc/avr/4.5.3/../../../avr/lib/avr5/crtm328.o
__vector_17                                       /usr/lib/gcc/avr/4.5.3/../../../avr/lib/avr5/crtm328.o
__vector_18                                       /usr/lib/gcc/avr/4.5.3/../../../avr/lib/avr5/crtm328.o
__vector_19                                       /usr/lib/gcc/avr/4.5.3/../../../avr/lib/avr5/crtm328.o
__vector_2                                        /usr/lib/gcc/avr/4.5.3/../../../avr/lib/avr5/crtm328.o
__vector_20                                       /usr/lib/gcc/avr/4.5.3/../../../avr/lib/avr5/crtm328.o
__vector_21                                       /usr/lib/gcc/avr/4.5.3/../../../avr/lib/avr5/crtm328.o
__vector_22                                       /usr/lib/gcc/avr/4.5.3/../../../avr/lib/avr5/crtm328.o
__vector_23                                       /usr/lib/gcc/avr/4.5.3/../../../avr/lib/avr5/crtm328.o
__vector_24                                       /usr/lib/gcc/avr/4.5.3/../../../avr/lib/avr5/crtm328.o
__vector_25                                       /usr/lib/gcc/avr/4.5.3/../../../avr/lib/avr5/crtm328.o
__vector_3                                        /usr/lib/gcc/avr/4.5.3/../../../avr/lib/avr5/crtm328.o
__vector_4                                        /usr/lib/gcc/avr/4.5.3/../../../avr/lib/avr5/crtm328.o
__vector_5                                        /usr/lib/gcc/avr/4.5.3/../../../avr/lib/avr5/crtm328.o
__vector_6                                        /usr/lib/gcc/avr/4.5.3/../../../avr/lib/avr5/crtm328.o
__vector_7                                        sp_timers.o
                                                  /usr/lib/gcc/avr/4.5.3/../../../avr/lib/avr5/crtm328.o
__vector_8                                        /usr/lib/gcc/avr/4.5.3/../../../avr/lib/avr5/crtm328.o
__vector_9                                        /usr/lib/gcc/avr/4.5.3/../../../avr/lib/avr5/crtm328.o
__vector_default                                  /usr/lib/gcc/avr/4.5.3/../../../avr/lib/avr5/crtm328.o
__vectors                                         /usr/lib/gcc/avr/4.5.3/../../../avr/lib/avr5/crtm328.o
_exit                                             /usr/lib/gcc/avr/4.5.3/avr5/libgcc.a(_exit.o)
exit                                              /usr/lib/gcc/avr/4.5.3/avr5/libgcc.a(_exit.o)
                                                  /usr/lib/gcc/avr/4.5.3/../../../avr/lib/avr5/crtm328.o
main                                              sp_timers_display.o
                                                  /usr/lib/gcc/avr/4.5.3/../../../avr/lib/avr5/crtm328.o
